root@tybery-D20:/home/tybery/Otus/study3# vagrant destroy
    otuslinux: Are you sure you want to destroy the 'otuslinux' VM? [y/N] y
==> otuslinux: Destroying VM and associated drives...
root@tybery-D20:/home/tybery/Otus/study3# vagrant up
Bringing machine 'otuslinux' up with 'virtualbox' provider...
==> otuslinux: Importing base box 'centos/7'...
==> otuslinux: Matching MAC address for NAT networking...
==> otuslinux: Checking if box 'centos/7' version '2004.01' is up to date...
==> otuslinux: Setting the name of the VM: study3_otuslinux_1701418624147_515
==> otuslinux: Clearing any previously set network interfaces...
==> otuslinux: Preparing network interfaces based on configuration...
    otuslinux: Adapter 1: nat
    otuslinux: Adapter 2: hostonly
==> otuslinux: Forwarding ports...
    otuslinux: 22 (guest) => 2222 (host) (adapter 1)
==> otuslinux: Running 'pre-boot' VM customizations...
==> otuslinux: Booting VM...
==> otuslinux: Waiting for machine to boot. This may take a few minutes...
    otuslinux: SSH address: 127.0.0.1:2222
    otuslinux: SSH username: vagrant
    otuslinux: SSH auth method: private key
    otuslinux:
    otuslinux: Vagrant insecure key detected. Vagrant will automatically replace
    otuslinux: this with a newly generated keypair for better security.
    otuslinux:
    otuslinux: Inserting generated public key within guest...
    otuslinux: Removing insecure key from the guest if it's present...
    otuslinux: Key inserted! Disconnecting and reconnecting using new SSH key...
==> otuslinux: Machine booted and ready!
==> otuslinux: Checking for guest additions in VM...
    otuslinux: No guest additions were detected on the base box for this VM! Guest
    otuslinux: additions are required for forwarded ports, shared folders, host only
    otuslinux: networking, and more. If SSH fails on this machine, please install
    otuslinux: the guest additions and repackage the box to continue.
    otuslinux:
    otuslinux: This is not an error message; everything may continue to work properly,
    otuslinux: in which case you may ignore this message.
==> otuslinux: Setting hostname...
==> otuslinux: Configuring and enabling network interfaces...
==> otuslinux: Rsyncing folder: /home/tybery/Otus/study3/ => /vagrant
==> otuslinux: Running provisioner: shell...
    otuslinux: Running: inline script
    otuslinux: Loaded plugins: fastestmirror
    otuslinux: Determining fastest mirrors
    otuslinux:  * base: mirror.ams1.nl.leaseweb.net
    otuslinux:  * extras: mirror.ams1.nl.leaseweb.net
    otuslinux:  * updates: mirror.ams1.nl.leaseweb.net
    otuslinux: Resolving Dependencies
    otuslinux: --> Running transaction check
    otuslinux: ---> Package gdisk.x86_64 0:0.8.10-3.el7 will be installed
    otuslinux: ---> Package hdparm.x86_64 0:9.43-5.el7 will be installed
    otuslinux: ---> Package mdadm.x86_64 0:4.1-9.el7_9 will be installed
    otuslinux: --> Processing Dependency: libreport-filesystem for package: mdadm-4.1-9.el7_9.x86_64
    otuslinux: ---> Package smartmontools.x86_64 1:7.0-2.el7 will be installed
    otuslinux: --> Processing Dependency: mailx for package: 1:smartmontools-7.0-2.el7.x86_64
    otuslinux: --> Running transaction check
    otuslinux: ---> Package libreport-filesystem.x86_64 0:2.1.11-53.el7.centos will be installed
    otuslinux: ---> Package mailx.x86_64 0:12.5-19.el7 will be installed
    otuslinux: --> Finished Dependency Resolution
    otuslinux:
    otuslinux: Dependencies Resolved
    otuslinux:
    otuslinux: ================================================================================
    otuslinux:  Package                  Arch       Version                  Repository   Size
    otuslinux: ================================================================================
    otuslinux: Installing:
    otuslinux:  gdisk                    x86_64     0.8.10-3.el7             base        190 k
    otuslinux:  hdparm                   x86_64     9.43-5.el7               base         83 k
    otuslinux:  mdadm                    x86_64     4.1-9.el7_9              updates     439 k
    otuslinux:  smartmontools            x86_64     1:7.0-2.el7              base        546 k
    otuslinux: Installing for dependencies:
    otuslinux:  libreport-filesystem     x86_64     2.1.11-53.el7.centos     base         41 k
    otuslinux:  mailx                    x86_64     12.5-19.el7              base        245 k
    otuslinux:
    otuslinux: Transaction Summary
    otuslinux: ================================================================================
    otuslinux: Install  4 Packages (+2 Dependent packages)
    otuslinux:
    otuslinux: Total download size: 1.5 M
    otuslinux: Installed size: 4.3 M
    otuslinux: Downloading packages:
    otuslinux: Public key for libreport-filesystem-2.1.11-53.el7.centos.x86_64.rpm is not installed
    otuslinux: warning: /var/cache/yum/x86_64/7/base/packages/libreport-filesystem-2.1.11-53.el7.centos.x86_64.rpm: Header V3 RSA/SHA256 Signature, key ID f4a80eb5: NOKEY
    otuslinux: Public key for mdadm-4.1-9.el7_9.x86_64.rpm is not installed
    otuslinux: --------------------------------------------------------------------------------
    otuslinux: Total                                              1.3 MB/s | 1.5 MB  00:01
    otuslinux: Retrieving key from file:///etc/pki/rpm-gpg/RPM-GPG-KEY-CentOS-7
    otuslinux: Importing GPG key 0xF4A80EB5:
    otuslinux:  Userid     : "CentOS-7 Key (CentOS 7 Official Signing Key) <security@centos.org>"
    otuslinux:  Fingerprint: 6341 ab27 53d7 8a78 a7c2 7bb1 24c6 a8a7 f4a8 0eb5
    otuslinux:  Package    : centos-release-7-8.2003.0.el7.centos.x86_64 (@anaconda)
    otuslinux:  From       : /etc/pki/rpm-gpg/RPM-GPG-KEY-CentOS-7
    otuslinux: Running transaction check
    otuslinux: Running transaction test
    otuslinux: Transaction test succeeded
    otuslinux: Running transaction
    otuslinux:   Installing : libreport-filesystem-2.1.11-53.el7.centos.x86_64             1/6
    otuslinux:   Installing : mailx-12.5-19.el7.x86_64                                     2/6
    otuslinux:   Installing : 1:smartmontools-7.0-2.el7.x86_64                             3/6
    otuslinux:   Installing : mdadm-4.1-9.el7_9.x86_64                                     4/6
    otuslinux:   Installing : hdparm-9.43-5.el7.x86_64                                     5/6
    otuslinux:   Installing : gdisk-0.8.10-3.el7.x86_64                                    6/6
    otuslinux:   Verifying  : mdadm-4.1-9.el7_9.x86_64                                     1/6
    otuslinux:   Verifying  : 1:smartmontools-7.0-2.el7.x86_64                             2/6
    otuslinux:   Verifying  : gdisk-0.8.10-3.el7.x86_64                                    3/6
    otuslinux:   Verifying  : mailx-12.5-19.el7.x86_64                                     4/6
    otuslinux:   Verifying  : hdparm-9.43-5.el7.x86_64                                     5/6
    otuslinux:   Verifying  : libreport-filesystem-2.1.11-53.el7.centos.x86_64             6/6
    otuslinux:
    otuslinux: Installed:
    otuslinux:   gdisk.x86_64 0:0.8.10-3.el7          hdparm.x86_64 0:9.43-5.el7
    otuslinux:   mdadm.x86_64 0:4.1-9.el7_9           smartmontools.x86_64 1:7.0-2.el7
    otuslinux:
    otuslinux: Dependency Installed:
    otuslinux:   libreport-filesystem.x86_64 0:2.1.11-53.el7.centos mailx.x86_64 0:12.5-19.el7
    otuslinux:
    otuslinux: Complete!
root@tybery-D20:/home/tybery/Otus/study3# vagrant ssh
[vagrant@otuslinux ~]$ sudo fdisk -l

Disk /dev/sda: 262 MB, 262144000 bytes, 512000 sectors
Units = sectors of 1 * 512 = 512 bytes
Sector size (logical/physical): 512 bytes / 512 bytes
I/O size (minimum/optimal): 512 bytes / 512 bytes


Disk /dev/sdb: 262 MB, 262144000 bytes, 512000 sectors
Units = sectors of 1 * 512 = 512 bytes
Sector size (logical/physical): 512 bytes / 512 bytes
I/O size (minimum/optimal): 512 bytes / 512 bytes


Disk /dev/sde: 262 MB, 262144000 bytes, 512000 sectors
Units = sectors of 1 * 512 = 512 bytes
Sector size (logical/physical): 512 bytes / 512 bytes
I/O size (minimum/optimal): 512 bytes / 512 bytes


Disk /dev/sdf: 42.9 GB, 42949672960 bytes, 83886080 sectors
Units = sectors of 1 * 512 = 512 bytes
Sector size (logical/physical): 512 bytes / 512 bytes
I/O size (minimum/optimal): 512 bytes / 512 bytes
Disk label type: dos
Disk identifier: 0x0009ef1a

   Device Boot      Start         End      Blocks   Id  System
/dev/sdf1   *        2048    83886079    41942016   83  Linux

Disk /dev/sdd: 262 MB, 262144000 bytes, 512000 sectors
Units = sectors of 1 * 512 = 512 bytes
Sector size (logical/physical): 512 bytes / 512 bytes
I/O size (minimum/optimal): 512 bytes / 512 bytes


Disk /dev/sdc: 262 MB, 262144000 bytes, 512000 sectors
Units = sectors of 1 * 512 = 512 bytes
Sector size (logical/physical): 512 bytes / 512 bytes
I/O size (minimum/optimal): 512 bytes / 512 bytes

[vagrant@otuslinux ~]$ sudo lshw -short | grep disk
/0/100/1.1/0.0.0    /dev/sdf   disk        42GB VBOX HARDDISK
/0/100/d/0          /dev/sda   disk        262MB VBOX HARDDISK
/0/100/d/1          /dev/sdb   disk        262MB VBOX HARDDISK
/0/100/d/2          /dev/sdc   disk        262MB VBOX HARDDISK
/0/100/d/3          /dev/sdd   disk        262MB VBOX HARDDISK
/0/100/d/0.0.0      /dev/sde   disk        262MB VBOX HARDDISK
[vagrant@otuslinux ~]$ mdadm --zero-superblock --force /dev/sd{a,b,c,d,e}
mdadm: must be super-user to perform this action
[vagrant@otuslinux ~]$ sudo mdadm --zero-superblock --force /dev/sd{a,b,c,d,e}
mdadm: Unrecognised md component device - /dev/sda
mdadm: Unrecognised md component device - /dev/sdb
mdadm: Unrecognised md component device - /dev/sdc
mdadm: Unrecognised md component device - /dev/sdd
mdadm: Unrecognised md component device - /dev/sde
[vagrant@otuslinux ~]$ sudo mdadm --create --verbose /dev/md0 -l 6 -n 5 /dev/sd{a,b,c,d,e}
mdadm: layout defaults to left-symmetric
mdadm: layout defaults to left-symmetric
mdadm: chunk size defaults to 512K
mdadm: size set to 253952K
mdadm: Defaulting to version 1.2 metadata
mdadm: array /dev/md0 started.
[vagrant@otuslinux ~]$ cat /proc/mdstat
Personalities : [raid6] [raid5] [raid4]
md0 : active raid6 sde[4] sdd[3] sdc[2] sdb[1] sda[0]
      761856 blocks super 1.2 level 6, 512k chunk, algorithm 2 [5/5] [UUUUU]

unused devices: <none>
[vagrant@otuslinux ~]$ mdadm -D /dev/md0
mdadm: must be super-user to perform this action
[vagrant@otuslinux ~]$ sudo mdadm -D /dev/md0
/dev/md0:
           Version : 1.2
     Creation Time : Fri Dec  1 08:21:17 2023
        Raid Level : raid6
        Array Size : 761856 (744.00 MiB 780.14 MB)
     Used Dev Size : 253952 (248.00 MiB 260.05 MB)
      Raid Devices : 5
     Total Devices : 5
       Persistence : Superblock is persistent

       Update Time : Fri Dec  1 08:21:20 2023
             State : clean
    Active Devices : 5
   Working Devices : 5
    Failed Devices : 0
     Spare Devices : 0

            Layout : left-symmetric
        Chunk Size : 512K

Consistency Policy : resync

              Name : otuslinux:0  (local to host otuslinux)
              UUID : 64b72f46:540a279e:769b1360:61fe6af1
            Events : 17

    Number   Major   Minor   RaidDevice State
       0       8        0        0      active sync   /dev/sda
       1       8       16        1      active sync   /dev/sdb
       2       8       32        2      active sync   /dev/sdc
       3       8       48        3      active sync   /dev/sdd
       4       8       64        4      active sync   /dev/sde
[vagrant@otuslinux ~]$ mdadm --detail --scan --verbose
mdadm: must be super-user to perform this action
[vagrant@otuslinux ~]$ sudo mdadm --detail --scan --verbose
ARRAY /dev/md0 level=raid6 num-devices=5 metadata=1.2 name=otuslinux:0 UUID=64b72f46:540a279e:769b1360:61fe6af1
   devices=/dev/sda,/dev/sdb,/dev/sdc,/dev/sdd,/dev/sde
[vagrant@otuslinux ~]$ mkdir /etc/mdadm
mkdir: cannot create directory '/etc/mdadm': Permission denied
[vagrant@otuslinux ~]$ sudo mkdir /etc/mdadm
[vagrant@otuslinux ~]$ sudo echo "DEVICE partitions" > /etc/mdadm/mdadm.conf
-bash: /etc/mdadm/mdadm.conf: Permission denied
[vagrant@otuslinux ~]$ sudo echo "DEVICE partitions" > /etc/mdadm/mdadm.conf
-bash: /etc/mdadm/mdadm.conf: Permission denied
[vagrant@otuslinux ~]$ touch /etc/mdadm/mdadm.conf
touch: cannot touch '/etc/mdadm/mdadm.conf': Permission denied
[vagrant@otuslinux ~]$ sudo touch /etc/mdadm/mdadm.conf
[vagrant@otuslinux ~]$ sudo echo "DEVICE partitions" > /etc/mdadm/mdadm.conf
-bash: /etc/mdadm/mdadm.conf: Permission denied
[vagrant@otuslinux ~]$ echo "DEVICE partitions" > /etc/mdadm/mdadm.conf
-bash: /etc/mdadm/mdadm.conf: Permission denied
[vagrant@otuslinux ~]$ sudo mkdir /etc/mdadm
mkdir: cannot create directory '/etc/mdadm': File exists
[vagrant@otuslinux ~]$ echo "DEVICE partitions" > /etc/mdadm/mdadm.conf
-bash: /etc/mdadm/mdadm.conf: Permission denied
[vagrant@otuslinux ~]$ sudo echo "DEVICE partitions" > /etc/mdadm/mdadm.conf
-bash: /etc/mdadm/mdadm.conf: Permission denied
[vagrant@otuslinux ~]$ ls
[vagrant@otuslinux ~]$ ls /etc
DIR_COLORS               csh.login      hosts.deny      mtab               rc0.d             ssl
DIR_COLORS.256color      dbus-1         idmapd.conf     my.cnf             rc1.d             statetab
DIR_COLORS.lightbgcolor  default        init.d          my.cnf.d           rc2.d             statetab.d
GREP_COLORS              depmod.d       inittab         netconfig          rc3.d             subgid
NetworkManager           dhcp           inputrc         networks           rc4.d             subuid
X11                      dracut.conf    iproute2        nfs.conf           rc5.d             sudo-ldap.conf
adjtime                  dracut.conf.d  issue           nfsmount.conf      rc6.d             sudo.conf
aliases                  e2fsck.conf    issue.net       nsswitch.conf      redhat-release    sudoers
aliases.db               environment    krb5.conf       nsswitch.conf.bak  request-key.conf  sudoers.d
alternatives             ethertypes     krb5.conf.d     openldap           request-key.d     sysconfig
anacrontab               exports        ld.so.cache     opt                resolv.conf       sysctl.conf
audisp                   exports.d      ld.so.conf      os-release         rpc               sysctl.d
audit                    filesystems    ld.so.conf.d    pam.d              rpm               system-release
bash_completion.d        firewalld      libaudit.conf   passwd             rsyncd.conf       system-release-cpe
bashrc                   fstab          libnl           passwd-            rsyslog.conf      systemd
binfmt.d                 fuse.conf      libreport       pkcs11             rsyslog.d         tcsd.conf
centos-release           gcrypt         libuser.conf    pki                rwtab             terminfo
centos-release-upstream  gnupg          locale.conf     pm                 rwtab.d           tmpfiles.d
chkconfig.d              groff          localtime       polkit-1           samba             tuned
chrony.conf              group          login.defs      popt.d             sasl2             udev
chrony.keys              group-         logrotate.conf  postfix            securetty         vconsole.conf
cifs-utils               grub.d         logrotate.d     ppp                security          virc
cron.d                   grub2.cfg      machine-id      prelink.conf.d     selinux           vmware-tools
cron.daily               gshadow        magic           printcap           services          wpa_supplicant
cron.deny                gshadow-       mail.rc         profile            sestatus.conf     xdg
cron.hourly              gss            man_db.conf     profile.d          shadow            xinetd.d
cron.monthly             gssproxy       mdadm           protocols          shadow-           yum
cron.weekly              host.conf      mke2fs.conf     python             shells            yum.conf
crontab                  hostname       modprobe.d      qemu-ga            skel              yum.repos.d
crypttab                 hosts          modules-load.d  rc.d               smartmontools
csh.cshrc                hosts.allow    motd            rc.local           ssh
[vagrant@otuslinux ~]$ ls /etc/mdadm
mdadm.conf
[vagrant@otuslinux ~]$ cat /etc/mdadm/mdadm.conf
[vagrant@otuslinux ~]$ rm /etc/mdadm/mdadm.conf
rm: remove write-protected regular empty file '/etc/mdadm/mdadm.conf'? ^[[Cy
[vagrant@otuslinux ~]$ ls /etc/mdadm
mdadm.conf
[vagrant@otuslinux ~]$ sudo rm /etc/mdadm/mdadm.conf
[vagrant@otuslinux ~]$ ls
[vagrant@otuslinux ~]$ ls /etc/mdadm
[vagrant@otuslinux ~]$ sudo echo "DEVICE partitions" > /etc/mdadm/mdadm.conf
-bash: /etc/mdadm/mdadm.conf: Permission denied
[vagrant@otuslinux ~]$ mdadm -D /dev/md0
mdadm: must be super-user to perform this action
[vagrant@otuslinux ~]$ sudo mdadm -D /dev/md0
/dev/md0:
           Version : 1.2
     Creation Time : Fri Dec  1 08:21:17 2023
        Raid Level : raid6
        Array Size : 761856 (744.00 MiB 780.14 MB)
     Used Dev Size : 253952 (248.00 MiB 260.05 MB)
      Raid Devices : 5
     Total Devices : 5
       Persistence : Superblock is persistent

       Update Time : Fri Dec  1 08:21:20 2023
             State : clean
    Active Devices : 5
   Working Devices : 5
    Failed Devices : 0
     Spare Devices : 0

            Layout : left-symmetric
        Chunk Size : 512K

Consistency Policy : resync

              Name : otuslinux:0  (local to host otuslinux)
              UUID : 64b72f46:540a279e:769b1360:61fe6af1
            Events : 17

    Number   Major   Minor   RaidDevice State
       0       8        0        0      active sync   /dev/sda
       1       8       16        1      active sync   /dev/sdb
       2       8       32        2      active sync   /dev/sdc
       3       8       48        3      active sync   /dev/sdd
       4       8       64        4      active sync   /dev/sde
[vagrant@otuslinux ~]$ echo wferth[rknpmry >> /etc/mdadm/mdadm.conf
-bash: /etc/mdadm/mdadm.conf: Permission denied
[vagrant@otuslinux ~]$ sudo echo wferth[rknpmry >> /etc/mdadm/mdadm.conf
-bash: /etc/mdadm/mdadm.conf: Permission denied
[vagrant@otuslinux ~]$ sudo su -c "echo "DEVICE partitions" > /etc/mdadm/mdadm.conf"
su: user partitions > /etc/mdadm/mdadm.conf does not exist
[vagrant@otuslinux ~]$ sudo - su -c "echo "DEVICE partitions" > /etc/mdadm/mdadm.conf"
sudo: -: command not found
[vagrant@otuslinux ~]$ sudo touch /etc/mdadm/mdadm.conf
[vagrant@otuslinux ~]$ mc
-bash: mc: command not found
[vagrant@otuslinux ~]$ vi
[vagrant@otuslinux ~]$ vi /etc/mdadm/mdadm.conf
[vagrant@otuslinux ~]$ echo "DEVICE partitions" > mdadm.conf
[vagrant@otuslinux ~]$ sudo su root
[root@otuslinux vagrant]# echo "DEVICE partitions" > /etc/mdadm/mdadm.conf
[root@otuslinux vagrant]# mdadm --detail --scan --verbose | awk '/ARRAY/ {print}' >> \ /etc/mdadm/mdadm.conf
bash:  /etc/mdadm/mdadm.conf: No such file or directory
[root@otuslinux vagrant]# cd /etc/mdadm
[root@otuslinux mdadm]# ls
mdadm.conf
[root@otuslinux mdadm]# mdadm --detail --scan --verbose | awk '/ARRAY/ {print}' >> /etc/mdadm/mdadm.conf
[root@otuslinux mdadm]# cat /etc/mdadm/mdadm.conf
DEVICE partitions
ARRAY /dev/md0 level=raid6 num-devices=5 metadata=1.2 name=otuslinux:0 UUID=64b72f46:540a279e:769b1360:61fe6af1
[root@otuslinux mdadm]# cat /proc/mdstat
Personalities : [raid6] [raid5] [raid4]
md0 : active raid6 sde[4] sdd[3] sdc[2] sdb[1] sda[0]
      761856 blocks super 1.2 level 6, 512k chunk, algorithm 2 [5/5] [UUUUU]

unused devices: <none>
[root@otuslinux mdadm]# mdadm /dev/md0 --fail /dev/sde
mdadm: set /dev/sde faulty in /dev/md0
[root@otuslinux mdadm]# cat /proc/mdstat
Personalities : [raid6] [raid5] [raid4]
md0 : active raid6 sde[4](F) sdd[3] sdc[2] sdb[1] sda[0]
      761856 blocks super 1.2 level 6, 512k chunk, algorithm 2 [5/4] [UUUU_]

unused devices: <none>
[root@otuslinux mdadm]# cat /proc/mdstat
Personalities : [raid6] [raid5] [raid4]
md0 : active raid6 sde[4](F) sdd[3] sdc[2] sdb[1] sda[0]
      761856 blocks super 1.2 level 6, 512k chunk, algorithm 2 [5/4] [UUUU_]

unused devices: <none>
[root@otuslinux mdadm]# mdadm -/dev/md0
mdadm: invalid option -- '/'
Usage: mdadm --help
  for help
[root@otuslinux mdadm]# mdadm -D /dev/md0
/dev/md0:
           Version : 1.2
     Creation Time : Fri Dec  1 08:21:17 2023
        Raid Level : raid6
        Array Size : 761856 (744.00 MiB 780.14 MB)
     Used Dev Size : 253952 (248.00 MiB 260.05 MB)
      Raid Devices : 5
     Total Devices : 5
       Persistence : Superblock is persistent

       Update Time : Fri Dec  1 08:52:09 2023
             State : clean, degraded
    Active Devices : 4
   Working Devices : 4
    Failed Devices : 1
     Spare Devices : 0

            Layout : left-symmetric
        Chunk Size : 512K

Consistency Policy : resync

              Name : otuslinux:0  (local to host otuslinux)
              UUID : 64b72f46:540a279e:769b1360:61fe6af1
            Events : 19

    Number   Major   Minor   RaidDevice State
       0       8        0        0      active sync   /dev/sda
       1       8       16        1      active sync   /dev/sdb
       2       8       32        2      active sync   /dev/sdc
       3       8       48        3      active sync   /dev/sdd
       -       0        0        4      removed

       4       8       64        -      faulty   /dev/sde
[root@otuslinux mdadm]# mdadm /dev/md0 --remove /dev/sde
mdadm: hot removed /dev/sde from /dev/md0
[root@otuslinux mdadm]# mdadm /dev/md0 --add /dev/sde
mdadm: added /dev/sde
[root@otuslinux mdadm]# cat /proc/mdstat
Personalities : [raid6] [raid5] [raid4]
md0 : active raid6 sde[5] sdd[3] sdc[2] sdb[1] sda[0]
      761856 blocks super 1.2 level 6, 512k chunk, algorithm 2 [5/5] [UUUUU]

unused devices: <none>
[root@otuslinux mdadm]# mdadm -D /dev/md0
/dev/md0:
           Version : 1.2
     Creation Time : Fri Dec  1 08:21:17 2023
        Raid Level : raid6
        Array Size : 761856 (744.00 MiB 780.14 MB)
     Used Dev Size : 253952 (248.00 MiB 260.05 MB)
      Raid Devices : 5
     Total Devices : 5
       Persistence : Superblock is persistent

       Update Time : Fri Dec  1 08:59:00 2023
             State : clean
    Active Devices : 5
   Working Devices : 5
    Failed Devices : 0
     Spare Devices : 0

            Layout : left-symmetric
        Chunk Size : 512K

Consistency Policy : resync

              Name : otuslinux:0  (local to host otuslinux)
              UUID : 64b72f46:540a279e:769b1360:61fe6af1
            Events : 39

    Number   Major   Minor   RaidDevice State
       0       8        0        0      active sync   /dev/sda
       1       8       16        1      active sync   /dev/sdb
       2       8       32        2      active sync   /dev/sdc
       3       8       48        3      active sync   /dev/sdd
       5       8       64        4      active sync   /dev/sde
[root@otuslinux mdadm]# parted -s /dev/md0 mklabel gpt
[root@otuslinux mdadm]# parted /dev/md0 mkpart primary ext4 0% 20%
Information: You may need to update /etc/fstab.

[root@otuslinux mdadm]# parted /dev/md0 mkpart primary ext4 20% 40%
Information: You may need to update /etc/fstab.

[root@otuslinux mdadm]# parted /dev/md0 mkpart primary ext4 40% 60%
Information: You may need to update /etc/fstab.

[root@otuslinux mdadm]# parted /dev/md0 mkpart primary ext4 60% 80%
Information: You may need to update /etc/fstab.

[root@otuslinux mdadm]# parted /dev/md0 mkpart primary ext4 80% 100%
Information: You may need to update /etc/fstab.

[root@otuslinux mdadm]# for i in $(seq 1 5); do sudo mkfs.ext4 /dev/md0p$i; done
mke2fs 1.42.9 (28-Dec-2013)
Filesystem label=
OS type: Linux
Block size=1024 (log=0)
Fragment size=1024 (log=0)
Stride=512 blocks, Stripe width=1536 blocks
37696 inodes, 150528 blocks
7526 blocks (5.00%) reserved for the super user
First data block=1
Maximum filesystem blocks=33816576
19 block groups
8192 blocks per group, 8192 fragments per group
1984 inodes per group
Superblock backups stored on blocks:
        8193, 24577, 40961, 57345, 73729

Allocating group tables: done
Writing inode tables: done
Creating journal (4096 blocks): done
Writing superblocks and filesystem accounting information: done

mke2fs 1.42.9 (28-Dec-2013)
Filesystem label=
OS type: Linux
Block size=1024 (log=0)
Fragment size=1024 (log=0)
Stride=512 blocks, Stripe width=1536 blocks
38152 inodes, 152064 blocks
7603 blocks (5.00%) reserved for the super user
First data block=1
Maximum filesystem blocks=33816576
19 block groups
8192 blocks per group, 8192 fragments per group
2008 inodes per group
Superblock backups stored on blocks:
        8193, 24577, 40961, 57345, 73729

Allocating group tables: done
Writing inode tables: done
Creating journal (4096 blocks): done
Writing superblocks and filesystem accounting information: done

mke2fs 1.42.9 (28-Dec-2013)
Filesystem label=
OS type: Linux
Block size=1024 (log=0)
Fragment size=1024 (log=0)
Stride=512 blocks, Stripe width=1536 blocks
38456 inodes, 153600 blocks
7680 blocks (5.00%) reserved for the super user
First data block=1
Maximum filesystem blocks=33816576
19 block groups
8192 blocks per group, 8192 fragments per group
2024 inodes per group
Superblock backups stored on blocks:
        8193, 24577, 40961, 57345, 73729

Allocating group tables: done
Writing inode tables: done
Creating journal (4096 blocks): done
Writing superblocks and filesystem accounting information: done

mke2fs 1.42.9 (28-Dec-2013)
Filesystem label=
OS type: Linux
Block size=1024 (log=0)
Fragment size=1024 (log=0)
Stride=512 blocks, Stripe width=1536 blocks
38152 inodes, 152064 blocks
7603 blocks (5.00%) reserved for the super user
First data block=1
Maximum filesystem blocks=33816576
19 block groups
8192 blocks per group, 8192 fragments per group
2008 inodes per group
Superblock backups stored on blocks:
        8193, 24577, 40961, 57345, 73729

Allocating group tables: done
Writing inode tables: done
Creating journal (4096 blocks): done
Writing superblocks and filesystem accounting information: done

mke2fs 1.42.9 (28-Dec-2013)
Filesystem label=
OS type: Linux
Block size=1024 (log=0)
Fragment size=1024 (log=0)
Stride=512 blocks, Stripe width=1536 blocks
37696 inodes, 150528 blocks
7526 blocks (5.00%) reserved for the super user
First data block=1
Maximum filesystem blocks=33816576
19 block groups
8192 blocks per group, 8192 fragments per group
1984 inodes per group
Superblock backups stored on blocks:
        8193, 24577, 40961, 57345, 73729

Allocating group tables: done
Writing inode tables: done
Creating journal (4096 blocks): done
Writing superblocks and filesystem accounting information: done

[root@otuslinux mdadm]# mkdir -p /raid/part{1,2,3,4,5}
[root@otuslinux mdadm]# for i in $(seq 1 5); do mount /dev/md0p$i /raid/part$i; done
[root@otuslinux mdadm]# df -h
Filesystem      Size  Used Avail Use% Mounted on
devtmpfs        489M     0  489M   0% /dev
tmpfs           496M     0  496M   0% /dev/shm
tmpfs           496M  6.8M  489M   2% /run
tmpfs           496M     0  496M   0% /sys/fs/cgroup
/dev/sdf1        40G  4.4G   36G  11% /
tmpfs           100M     0  100M   0% /run/user/1000
tmpfs           100M     0  100M   0% /run/user/0
/dev/md0p1      139M  1.6M  127M   2% /raid/part1
/dev/md0p2      140M  1.6M  128M   2% /raid/part2
/dev/md0p3      142M  1.6M  130M   2% /raid/part3
/dev/md0p4      140M  1.6M  128M   2% /raid/part4
/dev/md0p5      139M  1.6M  127M   2% /raid/part5
[root@otuslinux mdadm]#

